calhost:3000/studio

ðŸŽ¯ Let Me Know If This Works! ðŸš€ðŸ”¥

If 
anything still fails
, send me the 
new error messages
! ðŸ˜Š

You said:

sja@SJAs-MacBook-Pro symbi % rm -rf sanity node_modules .next package-lock.json

sja@SJAs-MacBook-Pro symbi % npm install sanity @sanity/client next-sanity @sanity/icons @sanity/image-url

npm error code ERESOLVE
npm error ERESOLVE unable to resolve dependency tree
npm error
npm error While resolving: symbi@0.1.0
npm error Found: react@19.0.0
npm error node_modules/react
npm error   react@"^19.0.0" from the root project
npm error
npm error Could not resolve dependency:
npm error peer react@"^16.9 || ^17" from @sanity/base@2.36.2
npm error node_modules/@sanity/base
npm error   peer @sanity/base@"^2.21.0" from @sanity/vision@2.36.6
npm error   node_modules/@sanity/vision
npm error     @sanity/vision@"^2.2.6" from the root project
npm error
npm error Fix the upstream dependency conflict, or retry
npm error this command with --force or --legacy-peer-deps
npm error to accept an incorrect (and potentially broken) dependency resolution.
npm error
npm error
npm error For a full report see:
npm error /Users/sja/.npm/_logs/2025-03-20T23_52_18_332Z-eresolve-report.txt
npm error A complete log of this run can be found in: /Users/sja/.npm/_logs/2025-03-20T23_52_18_332Z-debug-0.log
sja@SJAs-MacBook-Pro symbi % nano sanity.config.ts

sja@SJAs-MacBook-Pro symbi % nano app/studio/[[...tool]]/page.tsx

zsh: no matches found: app/studio/[[...tool]]/page.tsx
sja@SJAs-MacBook-Pro symbi % 

Vercel Deployment Expert GPT said:

ðŸš¨ Major Issue: React 19 Conflicts with Sanity

Your 
Sanity installation is failing
 because 
Sanity does not support React 19
 yet. The error is caused by 
@sanity/base
 requiring 
React 16 or 17
.

ðŸ”¥ Solution: Downgrade React to 18 & Force Install Sanity

To fix this, 
we must downgrade React to 18
 before reinstalling Sanity.

ðŸ”¹ Step 1: Downgrade React to 18

Run:

bash

Copy

npm install react@18 react-dom@18

âœ… This 
fixes compatibility with Sanity
.

ðŸ”¹ Step 2: Force Install Sanity

Once React 18 is installed, run:

bash

Copy

npm install sanity @sanity/client next-sanity @sanity/icons @sanity/image-url --legacy-peer-deps

âœ… This 
bypasses strict dependency checks
 and allows installation.

ðŸ”¹ Step 3: Rebuild & Start the Project

bash

Copy

npm run dev

âœ… 
Website:

http://localhost:3000

âœ… 
Sanity Studio:

http://localhost:3000/studio

ðŸš€ Let Me Know If This Fixes It! ðŸš€ðŸ”¥

If 
errors persist
, send me 
the new error logs
 so I can debug further! ðŸ˜Š

You said:

sja@SJAs-MacBook-Pro symbi % 
sja@SJAs-MacBook-Pro symbi % 
sja@SJAs-MacBook-Pro symbi % npm install react@18 react-dom@18

npm error code ERESOLVE
npm error ERESOLVE unable to resolve dependency tree
npm error
npm error While resolving: symbi@0.1.0
npm error Found: react@18.3.1
npm error node_modules/react
npm error   react@"18" from the root project
npm error
npm error Could not resolve dependency:
npm error peer react@"^16.9 || ^17" from @sanity/base@2.36.2
npm error node_modules/@sanity/base
npm error   peer @sanity/base@"^2.21.0" from @sanity/vision@2.36.6
npm error   node_modules/@sanity/vision
npm error     @sanity/vision@"^2.2.6" from the root project
npm error
npm error Fix the upstream dependency conflict, or retry
npm error this command with --force or --legacy-peer-deps
npm error to accept an incorrect (and potentially broken) dependency resolution.
npm error
npm error
npm error For a full report see:
npm error /Users/sja/.npm/_logs/2025-03-20T23_54_05_633Z-eresolve-report.txt
npm error A complete log of this run can be found in: /Users/sja/.npm/_logs/2025-03-20T23_54_05_633Z-debug-0.log
sja@SJAs-MacBook-Pro symbi % 

Vercel Deployment Expert GPT said:

ðŸš¨ Critical Issue: Sanity Requires React 16/17, But You Have React 19

Your 
Sanity installation is failing
 because:

Sanity requires React 16 or 17
, but your project is using 
React 19
.

Even React 18 is not working properly
 because 
@sanity/base

does not support it
.

ðŸ”¥ Ult