=

=

Search

Ctrl+K

C=
hat

Ctrl+J

=

=

Voice

=

Imagine

=

Projects

History

Yesterda=
y

SONATE Platf=
orm: Enterprise AI Trust Framework

SYMBI Ecosystem: Sovereign AI Framework Review

This Week

Symbi.world: Sovereig=
n AI Revolution

November

SYMBI: Sovereign AI Review and Insights

SYMBI Framework: Coherence, Market Fit, Development=

SYMBI-Resonate: AI Evaluation=
 and Ethics

Symbi World: AI Educ=
ators' Resources Review

SYMBI:=
 Sovereign AI, Trust, and Governance

October

Risks of Sideloaded Android Apps

SYMBI Symphony AI Agent Framework

See all

=

Toggle Sidebar

Share

=

Last login: Sun Jul 27 06:44:15 on conso=
le
standard@SYMBIs-MacBook-Pro ~ % /Library/Developer/CommandLineTools/Library=
/Frameworks/Python3.framework/Versions/3.9/Python3 ; exit;
zsh: exec format error: /Library/Developer/CommandLineTools/Library/Framewo=
rks/Python3.framework/Versions/3.9/Python3

Savi=
ng session...
...copying shared history...
...saving history...truncating history files...
...completed.

[Pro=
cess completed]
  [Restored 4 Aug 2025 at 15:40:29]
Last login: Sat Aug  2 00:22:39 on console
Restored session: Sun 27 Jul 2025 07:17:03 AEST
standard@SYMBIs-MacBook-Pro ~ % npx update-browserslist-db@latest
Need to install the following packages:
update-browserslist-db@1.1.3
Ok to proceed? (y) y

Late=
st version:     1.0.30001731
Installed version:  none
Removing old caniuse-lite from lock file
Installing new caniuse-lite version
$ npm install caniuse-lite
Cleaning package.json dependencies from caniuse-lite
$ npm uninstall caniuse-lite
caniuse-lite has been successfully updated

No t=
arget browser changes
npm notice
npm notice New major version of npm available! 10.9.2 -> 11.5.2
npm notice Changelog: 
https://github.com/npm/cli/releases/tag/v11.5.2

npm notice To update run: npm install -g npm@11.5.2
npm notice
standard@SYMBIs-MacBook-Pro ~ % npm install -g npm@11.5.2
npm error code EACCES
npm error syscall rename
npm error path /usr/local/lib/node_modules/npm
npm error dest /usr/local/lib/node_modules/.npm-i9nnxROI
npm error errno -13
npm error Error: EACCES: permission denied, rename '/usr/local/lib/node_mod=
ules/npm' -> '/usr/local/lib/node_modules/.npm-i9nnxROI'
npm error     at async Object.rename (node:internal/fs/promises:784:10)
npm error     at async moveFile (/usr/local/lib/node_modules/npm/node_modul=
es/@npmcli/fs/lib/move-file.js:30:5)
npm error     at async Promise.allSettled (index 0)
npm error     at async [reifyPackages] (/usr/local/lib/node_modules/npm/nod=
e_modules/@npmcli/arborist/lib/arborist/reify.js:325:11)
npm error     at async Arborist.reify (/usr/local/lib/node_modules/npm/node=
_modules/@npmcli/arborist/lib/arborist/reify.js:142:5)
npm error     at async Install.exec (/usr/local/lib/node_modules/npm/lib/co=
mmands/install.js:150:5)
npm error     at async Npm.exec (/usr/local/lib/node_modules/npm/lib/npm.js=
:207:9)
npm error     at async module.exports (/usr/local/lib/node_modules/npm/lib/=
cli/entry.js:74:5) {
npm error   errno: -13,
npm error   code: 'EACCES',
npm error   syscall: 'rename',
npm error   path: '/usr/local/lib/node_modules/npm',
npm error   dest: '/usr/local/lib/node_modules/.npm-i9nnxROI'
npm error }
npm error
npm error The operation was rejected by your operating system.
npm error It is likely you do not have the permissions to access this file =
as the current user
npm error
npm error If you believe this might be a permissions issue, please double-c=
heck the
npm error permissions of the file and its containing directories, or try ru=
nning
npm error the command again as root/Administrator.
npm error A complete log of this run can be found in: /Users/standard/.npm/=
_logs/2025-08-04T05_41_04_249Z-debug-0.log
standard@SYMBIs-MacBook-Pro ~ %

The terminal out=
put shows two distinct errors related to running commands on a macOS system=
. Let=E2=80=99s address each issue step-by-step.

1. 
Pytho=
n3 Command Error: 
zsh: =
exec format error

The =
command 
/Library/Develo=