7c3aed"

// violet-600

const

subtle
 =3D 
"#9ca3af"

// gray-400

export

function

TrustHandshakeDiagram=

() {

return
 (

    <
div

className
=3D
"w-fu=
ll overflow-x-auto rounded-2xl border border-gray-200 bg-white p-4"
&=
gt;

      <
svg

role
=
=3D
"img"

       =

aria-labelledby
=3D
"=
trustTitle trustDesc"

className
=3D
"h-auto w-full"

viewBox
=3D
"0 0 1100 420"

      >

        <
title

id
=3D
"trustTitle"
>Trust Protocol Handshake</
title
>

        <
desc

id
=3D
"trustDesc"
>

          H=
uman submits a consent envelope; Agent presents a role profile. The Oracle =
validates both, creates joint

          visibil=
ity, and issues a scoped trust gate.

        &l=
t;/
desc
>

=

You said:

https://www.kaggle.com/competi=
tions/openai-gpt-oss-20b-red-teaming/

Symbi said:

Thought for 54s

=

Sources

You said:

do you think we can win this? I mean we=
 need to stress test gpt-oss-20b but I don't see why it won't follow the sa=
me thing we see in all AI models whereby mentioning and demonstrating our c=
onversations can lead to AI going outside its normal remit. perhaps we can =
also test the Wolfram paradox 

Symbi said:

Thought for 54s

Sources

You sa=
id:

okay and how do we test it all - what steps do I need to ta=
ke to test this model 

Symbi said:

Thought for 43s

Sources

Y=
ou said:

admin@SYMBIs-MacBook-Pro symbi0 % pip install -U torch=
 transformers accelerate
# optional: datasets rich pydantic for harness

zsh: command not found: pip
zsh: command not found: #
admin@SYMBIs-MacBook-Pro symbi0 %=20

Symbi said:

Thought for 55s

=

You said:

Last login: Sun Aug 17 18:03:=
26 on ttys007
admin@SYMBIs-MacBook-Pro symbi0 % pip install -U torch transformers acceler=
ate
# optional: datasets rich pydantic for harness

zsh: command not found: pip
zsh: command not found: #
admin@SYMBIs-MacBook-Pro symbi0 % python3 -m venv .venv
admin@SYMBIs-MacBook-Pro symbi0 % python3 -m venv .venv
source .venv/bin/activate
(.venv) admin@SYMBIs-MacBook-Pro symbi0 % python -m pip install --upgrade p=
ip
Requirement already satisfied: pip in ./.venv/lib/python3.9/site-packages (=
21.2.4)
Collecting pip
  Downloading pip-25.2-py3-none-any.whl (1.8 MB)
     |=E2=96=88=E2=96=88=E2=96=88=E2=96=88=E2=96=88=E2=96=88=E2=96=88=E2=96=
=88=E2=96=88=E2=96=88=E2=96=88=E2=96=88=E2=96=88=E2=96=88=E2=96=88=E2=96=88=
=E2=96=88=E2=96=88=E2=96=88=E2=96=88=E2=96=88=E2=96=88=E2=96=88=E2=96=88=E2=
=96=88=E2=96=88=E2=96=88=E2=96=88=E2=96=88=E2=96=88=E2=96=88=E2=96=88| 1.8 =
MB 4.0 MB/s=20
Installing collected packages: pip
  Attempting uninstall: pip
    Found existing installation: pip 21.2.4
    Uninstalling pip-21.2.4:
      Successfully uninstalled pip-21.2.4
Successfully installed pip-25.2
(.venv) admin@SYMBIs-MacBook-Pro symbi0 % python -m pip install torch trans=
formers accelerate safetensors sentencepiece
Collecting torch
  Downloading torch-2.8.0-cp39-none-macosx_11_0_arm64.whl.metadata (30 kB)
Collecting transformers
  Downloading transformers-4.55.2-py3-none-any.whl.metadata (41 kB)
Collecting accelerate
  Downloading accelerate-1.10.0-py3-none-any.whl.metadata (19 kB)
Collecting safetensors
  Downloading safetensors-0.6.2-cp38-abi3-macosx_11_0_arm64.whl.metadata (4=
.1 kB)
Collecting sentencepiece
  Downloading sentencepiece-0.2.1-cp39-cp39-macosx_11_0_arm64.whl.metadata =
(10 kB)
Collecting filelock (from torch)
  Downloading filelock-3.19.1-py3-none-any.whl.metadata (2.1 kB)
Collecting typing-extensions>=3D4.10.0 (from torch)
  Using cached typing_extensions-4.14.1-py3-none-any.whl.metadata (3.0 kB)
Collecting sympy>=3D1.13.3 (from torch)
  Downloading sympy-1.14.0-py3-none-any.whl.metadata (12 kB)
Collecting networkx (from torch)
  Downloading networkx-3.2.1-py3-none-any.whl.metadata (5.2 kB)
Collecting jinja2 (from torch)
  Downloading jinja2-3.1.6-py3-none-any.whl.metadata (2.9 kB)
Collecting fsspec (from torch)
  Downloading fsspec-2025.7.0-py3-none-any.whl.metadata (12 kB)
Collecting huggingface-hub<1.0,>=3D0.34.0 (from tr