Check for suspicious startup services?

ğŸ‰ 
Call it a mission accomplished?
 ğŸš€

Let me know, and Iâ€™ll guide you step by step! ğŸ”’

You said:

sja@SJAs-MacBook-Pro ~ % sudo chmod 700 /Users/*

sja@SJAs-MacBook-Pro ~ % sudo chmod 750 /etc/sudoers.d

sja@SJAs-MacBook-Pro ~ % sudo chmod 700 /usr/bin/gcc /usr/bin/clang

chmod: Unable to change file mode on /usr/bin/gcc: Operation not permitted
chmod: Unable to change file mode on /usr/bin/clang: Operation not permitted
sja@SJAs-MacBook-Pro ~ %

ğŸ’ Writer Pro ğŸ’ Copy Email Blog Essay CV +more said:

âœ… Home Directory & 
sudoers.d
 Permissions Secured!
 ğŸ‰

You've successfully 
locked down
:

ğŸ  
Home directories (
/Users/*
)
 â€“ Now only the owner can access them.

ğŸ”’ 

/etc/sudoers.d
 permissions
 â€“ Prevents unauthorized modification of 
sudo
 rules.

ğŸ”´ Issue: Can't Change 
gcc
 & 
clang
 Permissions (macOS SIP Protection)

âœ… 
macOS blocks modifying system binaries like 
/usr/bin/gcc
 and 
/usr/bin/clang

 due to 
System Integrity Protection (SIP)
.

ğŸ‘‰ 
SIP prevents malware (or even root users) from tampering with critical system files.

ğŸ›  Workaround: Restrict Compiler Access Without Disabling SIP

Since we 
can't modify 
/usr/bin/
 directly
, we can 
redirect compilers to a secure location
 where only root can access them.

ğŸš€ Step 1: Move Compilers to a Restricted Directory

sh

Copy

Edit

sudo 

mv

 /usr/bin/gcc /usr/local/bin/gcc-secure
sudo 

mv

 /usr/bin/clang /usr/local/bin/clang-secure

ğŸ”¹ This 
removes access to 
gcc
 & 
clang
 from normal users
, but they can still be used when needed.

ğŸš€ Step 2: Restrict Access to These Files

sh

Copy

Edit

sudo 

chmod

 700 /usr/local/bin/gcc-secure /usr/local/bin/clang-secure

ğŸ“Œ 
Now only root can use compilers, preventing exploits.

ğŸ” Optional: Check for Suspicious Startup Services

Since we've secured the system, let's do 
one last check
 to see if anything unusual is running in the background:

Run:

sh

Copy

Edit

sudo launchctl list

ğŸ“Œ 
If you see unknown services, send me the output, and weâ€™ll remove them!

ğŸ¯ Final Steps â€“ What Do You Want to Do Next?

âœ… 
Try moving compilers to 
/usr/local/bin
?

ğŸ” 
Run 
launchctl list
 to check for suspicious services?

ğŸ‰ 
Call it a mission accomplished?
 ğŸš€

Let me know, and I'll guide you further! ğŸ”’ğŸ’ª

You said:

sja@SJAs-MacBook-Pro ~ % sudo mv /usr/bin/gcc /usr/local/bin/gcc-secure
mv: rename /usr/bin/gcc to /usr/local/bin/gcc-secure: No such file or directory
sja@SJAs-MacBook-Pro ~ % sudo mv /usr/bin/clang /usr/local/bin/clang-secure
mv: rename /usr/bin/clang to /usr/local/bin/clang-secure: No such file or directory
sja@SJAs-MacBook-Pro ~ %

ğŸ’ Writer Pro ğŸ’ Copy Email Blog Essay CV +more said:

ğŸ” Issue: 
/usr/bin/gcc
 and 
/usr/bin/clang
 Not Found

Your Mac 
doesnâ€™t have 
gcc
 or 
clang
 directly in 
/usr/bin/

, which is why the move command failed.

ğŸ›  Step 1: Find Where 
gcc
 and 
clang
 Are Installed

Run:

sh

Copy

Edit

which

 gcc

which

 clang

ğŸ“Œ This will show the 
actual location
 of these binaries.

ğŸ›  Step 2: Restrict Compiler Access (Based on Location)

Once we know 
where they're installed
, weâ€™ll:

Move them to a secured location
 (if possible).

Restrict access using 
chmod 700

.

ğŸš€ Next Step: Run 
which gcc
 and 
which clang
 & Post the Output

ğŸ“Œ Once we find their location, Iâ€™ll guide you on securing them! ğŸ”’ğŸš€

You said:

sja@SJAs-MacBook-Pro ~ % which gcc
/usr/bin/gcc
sja@SJAs-MacBook-Pro ~ % which clang
/usr/bin/clang
sja@SJAs-MacBook-Pro ~ %

ğŸ’ Writer Pro ğŸ’ Copy Email Blog Essay CV +more said:

ğŸ” Issue: 
/usr/bin/gcc
 and 
/usr/bin/clang
 Exist, But Are Protected by SIP

âœ… 
You confirmed 
gcc
 and 
clang
 are located in 
/usr/bin/

, but macOS 
System Integrity Protection (SIP)
 prevents modifying or moving them.

ğŸ‘‰ This means 
we canâ€™t directly restrict access
 to them unless we disable SIP (
not recommended for security reasons
).

ğŸ›  Alternative Hardening: Prevent Non-Admin Users from Using 
gcc
 and 
clang

Instead of moving them, weâ€™ll use 
macOS file permissions
 to 
pre