lper.plist		com.objective-see.blockblock.plist
com.cleverfiles.cfbackd.plist		com.objective-see.ransomwhere.plist
com.netgear.agent.plist			us.zoom.ZoomDaemon.plist
lcl@LCLs-MacBook-Pro ~ % cat ~/Library/LaunchAgents/<suspicious-file>.plist

zsh: no such file or directory: suspicious-file
lcl@LCLs-MacBook-Pro ~ % find /usr/local/bin /opt/homebrew/bin -mtime -30 -exec ls -ld {} \;

find: /usr/local/bin: No such file or directory
find: /opt/homebrew/bin: No such file or directory
lcl@LCLs-MacBook-Pro ~ % find / -name "*homebrew*" 2>/dev/null

mount | grep "//"

ps aux | grep -v grep | grep -Ei 'ssh|smb|vnc|remote|screensharing|anydesk|teamviewer'

lcl@LCLs-MacBook-Pro ~ % mount | grep "//"
lcl@LCLs-MacBook-Pro ~ % 
lcl@LCLs-MacBook-Pro ~ % ps aux | grep -v grep | grep -Ei 'ssh|smb|vnc|remote|screensharing|anydesk|teamviewer'
_usbmuxd          2787   0.0  0.0 410625104   2992   ??  Ss    3:08am   0:00.03 /Library/Apple/System/Library/PrivateFrameworks/RemotePairing.framework/Versions/A/Resources/bin/RemotePairingDataVaultHelper
lcl               2786   0.0  0.0 410676192   7712   ??  S     3:08am   0:00.04 /Library/Apple/System/Library/PrivateFrameworks/RemotePairing.framework/Versions/A/XPCServices/remotepairingd.xpc/Contents/MacOS/remotepairingd
lcl               1849   0.0  0.0 410769760   6512   ??  Ss   11:42pm   0:00.08 /System/Library/PrivateFrameworks/RemoteManagement.framework/XPCServices/ASConfigurationSubscriber.xpc/Contents/MacOS/ASConfigurationSubscriber
lcl               1848   0.0  0.0 410734768   4112   ??  Ss   11:42pm   0:00.06 /System/Library/PrivateFrameworks/RemoteManagement.framework/XPCServices/ManagementTestSubscriber.xpc/Contents/MacOS/ManagementTestSubscriber
lcl               1847   0.0  0.0 410783984   8384   ??  Ss   11:42pm   0:00.08 /System/Library/PrivateFrameworks/RemoteManagement.framework/XPCServices/AccountSubscriber.xpc/Contents/MacOS/AccountSubscriber
lcl               1845   0.0  0.1 410866160  10960   ??  Ss   11:42pm   0:00.09 /System/Library/PrivateFrameworks/RemoteManagement.framework/XPCServices/PasscodeSettingsSubscriber.xpc/Contents/MacOS/PasscodeSettingsSubscriber
lcl               1844   0.0  0.1 410735056  10944   ??  Ss   11:42pm   0:00.08 /System/Library/PrivateFrameworks/RemoteManagement.framework/XPCServices/LegacyProfilesSubscriber.xpc/Contents/MacOS/LegacyProfilesSubscriber
lcl               1843   0.0  0.1 410866768  11168   ??  Ss   11:42pm   0:00.09 /System/Library/PrivateFrameworks/RemoteManagement.framework/XPCServices/MathSettingsSubscriber.xpc/Contents/MacOS/MathSettingsSubscriber
lcl               1842   0.0  0.0 410735312   6000   ??  Ss   11:42pm   0:00.08 /System/Library/PrivateFrameworks/RemoteManagement.framework/XPCServices/ScreenSharingSubscriber.xpc/Contents/MacOS/ScreenSharingSubscriber
lcl               1841   0.0  0.1 410735056  10960   ??  Ss   11:42pm   0:00.09 /System/Library/PrivateFrameworks/RemoteManagement.framework/XPCServices/InteractiveLegacyProfilesSubscriber.xpc/Contents/MacOS/InteractiveLegacyProfilesSubscriber
lcl               1840   0.0  0.0 410865904   4192   ??  Ss   11:42pm   0:00.07 /System/Library/PrivateFrameworks/RemoteManagement.framework/XPCServices/SecuritySubscriber.xpc/Contents/MacOS/SecuritySubscriber
lcl               1838   0.0  0.0 426966896   7584   ??  S    11:42pm   0:00.09 /System/Library/PrivateFrameworks/RemoteManagement.framework/RemoteManagementAgent
_rmd               871   0.0  0.0 410735440   4064   ??  Ss    7:44pm   0:00.07 /System/Library/PrivateFrameworks/RemoteManagement.framework/XPCServices/ManagedConfigurationFilesSubscriber.xpc/Contents/MacOS/ManagedConfigurationFilesSubscriber
_rmd               870   0.0  0.0 410865824   3648   ??  Ss    7:44pm   0:00.08 /System/Library/PrivateFrameworks/RemoteManagement.framework/XPCServices/ManagementTestSubscriber.xpc/Contents/MacOS/ManagementTestSubscriber
_rmd               869   0.0  0.0 410735376   5568   ??  Ss    7:44pm   0:00.07 /System/Library/PrivateFramework