rPlay status.

ðŸš¨ Let Me Know What Happens!

Did 
system_profiler SPDisplaysDataType
 show any AirPlay displays?

Did 
log show --predicate 'subsystem == "com.apple.airplay"'
 reveal anything?

Did unplugging your TV make the icon disappear?

Did 
launchctl list | grep -i airplay
 return anything?

Did resetting NVRAM finally remove the icon?

ðŸš€ 
Weâ€™re closing in on the issue! Let me know what happens after trying these steps.

You said:

Last login: Fri Mar  7 09:00:49 on console
You have mail.
lcl@LCLs-MacBook-Pro ~ % ps aux | grep -E "AirPlay|screensharing|screencapture|VNC"

lcl                734   0.0  0.0 410734352   1680 s000  S+    9:01am   0:00.01 grep -E AirPlay|screensharing|screencapture|VNC
lcl@LCLs-MacBook-Pro ~ % killall SystemUIServer

lcl@LCLs-MacBook-Pro ~ % defaults delete com.apple.systemuiserver
killall SystemUIServer

lcl@LCLs-MacBook-Pro ~ % rm -rf ~/Library/Preferences/com.apple.systemuiserver.plist
killall SystemUIServer

lcl@LCLs-MacBook-Pro ~ % system_profiler SPDisplaysDataType

Graphics/Displays:

    Apple M1 Pro:

      Chipset Model: Apple M1 Pro
      Type: GPU
      Bus: Built-In
      Total Number of Cores: 16
      Vendor: Apple (0x106b)
      Metal Support: Metal 3
      Displays:
        AV Receiver:
          Resolution: 1920 x 1080 (1080p FHD - Full High Definition)
          UI Looks like: 1920 x 1080 @ 60.00Hz
          Main Display: Yes
          Mirror: Off
          Online: Yes
          Rotation: Supported
        Color LCD:
          Display Type: Built-in Liquid Retina XDR Display
          Resolution: 3024 x 1964 Retina
          Mirror: Off
          Online: Yes
          Automatically Adjust Brightness: Yes
          Connection Type: Internal

lcl@LCLs-MacBook-Pro ~ % log show --predicate 'subsystem == "com.apple.airplay"' --info --last 10m

Filtering the log data using "subsystem == "com.apple.airplay""
Skipping debug messages, pass --debug to include.
Timestamp                       Thread     Type        Activity             PID    TTL  
2025-03-07 09:00:30.147269-0800 0xcd9      Error       0x0                  284    0    coreaudiod: (CoreUtils) [com.apple.airplay:APSLogUtils] [AirPlayError] _XPCHelperCopyAirPlayPref:817: got error -6753/0xFFFFE59F kConnectionErr
2025-03-07 09:00:30.150950-0800 0xcd9      Error       0x0                  284    0    coreaudiod: (CoreUtils) [com.apple.airplay:APSLogUtils] apPlugin_InstantiateAirPlayEndpointManager:69: got error -16155/0xFFFFC0E5
2025-03-07 09:00:30.452026-0800 0x8ce      Error       0x0                  89     0    mediaremoted: (CoreUtils) [com.apple.airplay:APSLogUtils] [AirPlayError] _XPCHelperCopyAirPlayPref:817: got error -6753/0xFFFFE59F kConnectionErr
2025-03-07 09:00:30.452132-0800 0x8ce      Error       0x0                  89     0    mediaremoted: (CoreUtils) [com.apple.airplay:APSLogUtils] [AirPlayError] _XPCHelperCopyAirPlayPref:817: got error -6753/0xFFFFE59F kConnectionErr
2025-03-07 09:00:30.452210-0800 0x8ce      Error       0x0                  89     0    mediaremoted: (CoreUtils) [com.apple.airplay:APSLogUtils] [AirPlayError] _XPCHelperCopyAirPlayPref:817: got error -6753/0xFFFFE59F kConnectionErr
2025-03-07 09:00:30.452237-0800 0x8ce      Default     0x0                  89     0    mediaremoted: (CoreUtils) [com.apple.airplay:APSSystemUtils] [APSSystemUtils] BootUUID E9BABD1C-7E71-4F41-8964-AC74346D1E4B
2025-03-07 09:00:51.065962-0800 0x13c0     Error       0x0                  466    0    ControlCenter: (CoreUtils) [com.apple.airplay:APSLogUtils] [AirPlayError] _XPCHelperCopyAirPlayPref:817: got error -6753/0xFFFFE59F kConnectionErr
2025-03-07 09:00:51.068367-0800 0x13c0     Error       0x0                  466    0    ControlCenter: (CoreUtils) [com.apple.airplay:APSLogUtils] [AirPlayError] _XPCHelperCopyAirPlayPref:817: got error -6753/0xFFFFE59F kConnectionErr
2025-03-07 09:00:51.068429-0800 0x13c0     Default     0x0                  466    0    ControlCenter: (CoreUtils) [com.apple.airplay:AirPl