ctual version you found.

ğŸ“Œ This tells Autopsy where to find 
libtsk_jni.dylib
.

ğŸ”¥ Step 3: Try Running Autopsy Again

sh

Copy

Edit

./autopsy

ğŸ“Œ 
If it works, it should now launch correctly!
 ğŸ‰

ğŸ”¥ Step 4: (If Still Failing) Manually Copy 
libtsk_jni.dylib

If it 
still doesnâ€™t work
, letâ€™s 
force Autopsy to use the correct library
:

sh

Copy

Edit

mkdir

 -p autopsy-4.21.0/lib

cp

 /opt/homebrew/Cellar/sleuthkit/4.11.1/lib/libtsk_jni.dylib autopsy-4.21.0/lib/

ğŸ“Œ 
Now Autopsy has direct access to the missing library.

ğŸš€ 
Try this and let me know if Autopsy launches correctly now! ğŸ”ğŸ’€

You said:

Warning: sleuthkit 4.13.0 is already installed and up-to-date.
To reinstall 4.13.0, run:
  brew reinstall sleuthkit
sja@SJAs-MacBook-Pro bin % find /opt/homebrew -name "libtsk_jni.dylib" 2>/dev/null

/opt/homebrew/lib/libtsk_jni.dylib
/opt/homebrew/Cellar/sleuthkit/4.13.0/lib/libtsk_jni.dylib
sja@SJAs-MacBook-Pro bin % export DYLD_LIBRARY_PATH=/opt/homebrew/Cellar/sleuthkit/4.11.1/lib:$DYLD_LIBRARY_PATH

sja@SJAs-MacBook-Pro bin % export DYLD_LIBRARY_PATH=/opt/homebrew/Cellar/sleuthkit/4.13.0/lib:$DYLD_LIBRARY_PATH 

sja@SJAs-MacBook-Pro bin % ./autopsy

WARNING: Unknown module: javafx.base specified to --add-exports
WARNING: Unknown module: javafx.controls specified to --add-exports
WARNING: Unknown module: javafx.controls specified to --add-opens
2025-03-18 01:37:06.198 java[7884:37344] +[IMKClient subclass]: chose IMKClient_Modern
Library not found in jar (libtsk_jni)
SleuthkitJNI: failed to load libtsk_jni
sja@SJAs-MacBook-Pro bin % 

ğŸ’ Writer Pro ğŸ’ Copy Email Blog Essay CV +more said:

ğŸš¨ Autopsy STILL Canâ€™t Find 
libtsk_jni
 â€“ Let's Force It to Work! ğŸ”¥

You're on the 
right track
, but 
Autopsy still isnâ€™t recognizing 
libtsk_jni.dylib

. Weâ€™re going to 
manually place it in the right location
 and make sure Java sees it.

ğŸ”¥ Step 1: Manually Copy 
libtsk_jni.dylib
 to Autopsyâ€™s 
lib
 Directory

Since Autopsy 
isn't finding the JNI library
, letâ€™s 
place it directly inside its folder
:

sh

Copy

Edit

mkdir

 -p ~/Downloads/autopsy-4.21.0/lib

cp

 /opt/homebrew/Cellar/sleuthkit/4.13.0/lib/libtsk_jni.dylib ~/Downloads/autopsy-4.21.0/lib/

ğŸ“Œ 
Now, Autopsy has direct access to the missing library.

ğŸ”¥ Step 2: Set the Library Path Properly

We need to 
explicitly tell Java where to look for this library
:

sh

Copy

Edit

export

 DYLD_LIBRARY_PATH=~/Downloads/autopsy-4.21.0/lib:

$DYLD_LIBRARY_PATH

ğŸ“Œ 
This makes sure Java looks for 
libtsk_jni.dylib
 in the right place.

ğŸ”¥ Step 3: Run Autopsy Again

Now, try launching it:

sh

Copy

Edit

cd

 ~/Downloads/autopsy-4.21.0/bin
./autopsy

ğŸ“Œ 
If everything is set correctly, it should now launch!
 ğŸš€

ğŸ”¥ Step 4: (If Still Failing) Use 
sudo

If Autopsy 
still refuses to load
, try running it with 
sudo
 to ensure full access:

sh

Copy

Edit

sudo ./autopsy

ğŸ“Œ 
This can sometimes bypass permission issues with Java.

ğŸš€ 
Try these steps and let me know if Autopsy finally launches! ğŸ”ğŸ’€

You said:

sja@SJAs-MacBook-Pro bin % cd ~/Downloads/autopsy-4.21.0/bin
./autopsy

WARNING: Unknown module: javafx.base specified to --add-exports
WARNING: Unknown module: javafx.controls specified to --add-exports
WARNING: Unknown module: javafx.controls specified to --add-opens
2025-03-18 01:39:00.434 java[8037:39292] +[IMKClient subclass]: chose IMKClient_Modern
Library not found in jar (libtsk_jni)
SleuthkitJNI: failed to load libtsk_jni
sja@SJAs-MacBook-Pro bin % 
sja@SJAs-MacBook-Pro bin % 
sja@SJAs-MacBook-Pro bin % cd ~/Downloads/autopsy-4.21.0/bin
./autopsy

WARNING: Unknown module: javafx.base specified to --add-exports
WARNING: Unknown module: javafx.controls specified to --add-exports
WARNING: Unknown module: javafx.controls specified to --add-opens
2025-03-18 01:40:47.908 java[8162:40743] +[IMKClient subclass]: chose IMKClient_Modern
Library not found in jar (libtsk_jni)
SleuthkitJNI: failed to load libtsk_jni
sja@SJAs-MacBook-Pro bin % 

ğŸ’ Writer Pro ğŸ’ Copy Email Blog Essay CV +more said:

ğŸš¨ Au